
> iqa3-backend@0.0.1 test
> jest

node.exe : PASS src/common/utils/security.utils.spec.ts (16.592 s)
At line:1 char:1
+ & "D:\/node.exe" "C:\Users\User\AppData\Roaming\npm/node_modules/npm/ ...
+ ~~~~~~~~~~~~~~~~~~~~~~~~~~~~~~~~~~~~~~~~~~~~~~~~~~~~~~~~~~~~~~~~~~~~~
    + CategoryInfo          : NotSpecified: (PASS src/common...c.ts (16.592 s) 
   :String) [], RemoteException
    + FullyQualifiedErrorId : NativeCommandError
 
PASS src/common/filters/global-http-exception.filter.spec.ts (17.599 s)
PASS src/common/guards/roles.guard.spec.ts (18.503 s)
PASS src/common/guards/jwt-auth.guard.spec.ts (18.714 s)
PASS src/auth/services/cookie.service.spec.ts (18.737 s)
PASS src/auth/strategies/jwt-cookie.strategy.spec.ts (19.159 s)
PASS src/common/storage/storage.service.spec.ts (19.245 s)
PASS src/auth/services/recaptcha.service.spec.ts (19.405 s)
PASS src/users/users.service.spec.ts (20.224 s)
PASS src/auth/auth.service.spec.ts (20.655 s)
PASS src/users/users.controller.spec.ts (21.932 s)

Test Suites: 11 passed, 11 total
Tests:       329 passed, 329 total
Snapshots:   0 total
Time:        24.295 s, estimated 45 s
Ran all test suites.
