
> iqa3-backend@0.0.1 test
> jest

npm : PASS src/admin/admin-users.service.spec.ts (22.833 s)
At line:1 char:93
+ ... ing\SW project\Backend" ; npm run test 2>&1 > test_output.txt ; Get-C ...
+                               ~~~~~~~~~~~~~~~~~~~~~~~~~~~~~~~~~~~
    + CategoryInfo          : NotSpecified: (PASS src/admin/...c.ts (22.833 s) 
   :String) [], RemoteException
    + FullyQualifiedErrorId : NativeCommandError
 
PASS src/reports/reports.service.spec.ts (23.476 s)
PASS src/admin/user-enforcement.service.spec.ts (25.074 s)
PASS src/playlists/playlists.service.spec.ts (26.719 s)
PASS src/subscriptions/payment-methods.service.spec.ts (27.137 s)
PASS src/tracks/tracks.service.spec.ts (28.485 s)
PASS src/common/storage/storage.service.spec.ts
[31m[Nest] 18048  - [39m05/01/2026, 4:44:42 PM [31m  ERROR[39m 
[38;5;3m[TranscodingService] [39m[31mTrack 
a1b2c3d4-e5f6-4890-abcd-ef1234567890 processing failed: ffmpeg crash[39m
PASS src/bff/bff.service.spec.ts (29.909 s)
[31m[Nest] 18048  - [39m05/01/2026, 4:44:43 PM [31m  ERROR[39m 
[38;5;3m[TranscodingService] [39m[31mTrack 
a1b2c3d4-e5f6-4890-abcd-ef1234567890 processing failed: boom[39m
PASS src/tracks/transcoding.service.spec.ts
PASS src/users/users.service.spec.ts
PASS src/tracks/interactions.service.spec.ts
[31m[Nest] 18048  - [39m05/01/2026, 4:44:44 PM [31m  ERROR[39m 
[38;5;3m[TrialSchedulerService] [39m[31m[TRIAL WARNING] Email delivery 
failed for sub sub-trial-123: Error: SMTP error[39m
[31m[Nest] 18048  - [39m05/01/2026, 4:44:44 PM [31m  ERROR[39m 
[38;5;3m[TrialSchedulerService] [39m[31m[TRIAL AUTO-RENEW] Failed to renew 
sub sub-1: Error: DB error[39m
[31m[Nest] 18048  - [39m05/01/2026, 4:44:44 PM [31m  ERROR[39m 
[38;5;3m[TrialSchedulerService] [39m[31m[MONTHLY RENEWAL] Failed to renew 
sub active-sub-1: Error: DB error[39m
[31m[Nest] 18048  - [39m05/01/2026, 4:44:44 PM [31m  ERROR[39m 
[38;5;3m[TrialSchedulerService] [39m[31m[GRACE EXPIRED] Failed to cancel 
sub grace-sub-1: Error: DB error[39m
PASS src/subscriptions/trial-scheduler.service.spec.ts
PASS src/subscriptions/subscriptions.service.spec.ts (31.873 s)
PASS src/entitlements/entitlements.service.spec.ts
PASS src/messages/messages.service.spec.ts
PASS src/notifications/notifications.listener.spec.ts
PASS src/notifications/notifications.service.spec.ts
PASS src/admin/content-moderation.service.spec.ts
PASS src/common/guards/roles.guard.spec.ts
PASS src/common/guards/jwt-auth.guard.spec.ts
PASS src/player/player.service.spec.ts
PASS src/social/social.service.spec.ts
[31m[Nest] 2876  - [39m05/01/2026, 4:44:48 PM [31m  ERROR[39m 
[38;5;3m[GlobalHttpExceptionFilter] [39m[31mUnhandled exception on 
undefined /test/path: something broke[39m
Error: something broke
    at Object.<anonymous> (C:\Users\DELL\Desktop\university\Spring 
2026\Software Engineering\SW 
project\Backend\src\common\filters\global-http-exception.filter.spec.ts:104:20)
    at Promise.then.completed (C:\Users\DELL\Desktop\university\Spring 
2026\Software Engineering\SW 
project\Backend\node_modules\jest-circus\build\utils.js:298:28)
    at new Promise (<anonymous>)
    at callAsyncCircusFn (C:\Users\DELL\Desktop\university\Spring 
2026\Software Engineering\SW 
project\Backend\node_modules\jest-circus\build\utils.js:231:10)
    at _callCircusTest (C:\Users\DELL\Desktop\university\Spring 2026\Software 
Engineering\SW project\Backend\node_modules\jest-circus\build\run.js:316:40)
    at processTicksAndRejections (node:internal/process/task_queues:95:5)
    at _runTest (C:\Users\DELL\Desktop\university\Spring 2026\Software 
Engineering\SW project\Backend\node_modules\jest-circus\build\run.js:252:3)
    at _runTestsForDescribeBlock (C:\Users\DELL\Desktop\university\Spring 
2026\Software Engineering\SW 
project\Backend\node_modules\jest-circus\build\run.js:126:9)
    at _runTestsForDescribeBlock (C:\Users\DELL\Desktop\university\Spring 
2026\Software Engineering\SW 
project\Backend\node_modules\jest-circus\build\run.js:121:9)
    at _runTestsForDescribeBlock (C:\Users\DELL\Desktop\university\Spring 
2026\Software Engineering\SW 
project\Backend\node_modules\jest-circus\build\run.js:121:9)
    at run (C:\Users\DELL\Desktop\university\Spring 2026\Software 
Engineering\SW project\Backend\node_modules\jest-circus\build\run.js:71:3)
    at runAndTransformResultsToJestFormat 
(C:\Users\DELL\Desktop\university\Spring 2026\Software Engineering\SW project\B
ackend\node_modules\jest-circus\build\legacy-code-todo-rewrite\jestAdapterInit.
js:122:21)
    at jestAdapter (C:\Users\DELL\Desktop\university\Spring 2026\Software 
Engineering\SW project\Backend\node_modules\jest-circus\build\legacy-code-todo-
rewrite\jestAdapter.js:79:19)
    at runTestInternal (C:\Users\DELL\Desktop\university\Spring 2026\Software 
Engineering\SW 
project\Backend\node_modules\jest-runner\build\runTest.js:367:16)
    at runTest (C:\Users\DELL\Desktop\university\Spring 2026\Software 
Engineering\SW 
project\Backend\node_modules\jest-runner\build\runTest.js:444:34)
    at Object.worker (C:\Users\DELL\Desktop\university\Spring 2026\Software 
Engineering\SW 
project\Backend\node_modules\jest-runner\build\testWorker.js:106:12)
[31m[Nest] 2876  - [39m05/01/2026, 4:44:48 PM [31m  ERROR[39m 
[38;5;3m[GlobalHttpExceptionFilter] [39m[31mUnhandled exception on 
undefined /test/path: oops[39m
[31m[Nest] 2876  - [39m05/01/2026, 4:44:48 PM [31m  ERROR[39m 
[38;5;3m[GlobalHttpExceptionFilter] [39m[31mUnhandled exception on 
undefined /test/path: null[39m
[31m[Nest] 2876  - [39m05/01/2026, 4:44:48 PM [31m  ERROR[39m 
[38;5;3m[GlobalHttpExceptionFilter] [39m[31mUnhandled exception on 
undefined /test/path: crash[39m
Error: crash
    at Object.<anonymous> (C:\Users\DELL\Desktop\university\Spring 
2026\Software Engineering\SW 
project\Backend\src\common\filters\global-http-exception.filter.spec.ts:168:20)
    at Promise.then.completed (C:\Users\DELL\Desktop\university\Spring 
2026\Software Engineering\SW 
project\Backend\node_modules\jest-circus\build\utils.js:298:28)
    at new Promise (<anonymous>)
    at callAsyncCircusFn (C:\Users\DELL\Desktop\university\Spring 
2026\Software Engineering\SW 
project\Backend\node_modules\jest-circus\build\utils.js:231:10)
    at _callCircusTest (C:\Users\DELL\Desktop\university\Spring 2026\Software 
Engineering\SW project\Backend\node_modules\jest-circus\build\run.js:316:40)
    at processTicksAndRejections (node:internal/process/task_queues:95:5)
    at _runTest (C:\Users\DELL\Desktop\university\Spring 2026\Software 
Engineering\SW project\Backend\node_modules\jest-circus\build\run.js:252:3)
    at _runTestsForDescribeBlock (C:\Users\DELL\Desktop\university\Spring 
2026\Software Engineering\SW 
project\Backend\node_modules\jest-circus\build\run.js:126:9)
    at _runTestsForDescribeBlock (C:\Users\DELL\Desktop\university\Spring 
2026\Software Engineering\SW 
project\Backend\node_modules\jest-circus\build\run.js:121:9)
    at _runTestsForDescribeBlock (C:\Users\DELL\Desktop\university\Spring 
2026\Software Engineering\SW 
project\Backend\node_modules\jest-circus\build\run.js:121:9)
    at run (C:\Users\DELL\Desktop\university\Spring 2026\Software 
Engineering\SW project\Backend\node_modules\jest-circus\build\run.js:71:3)
    at runAndTransformResultsToJestFormat 
(C:\Users\DELL\Desktop\university\Spring 2026\Software Engineering\SW project\B
ackend\node_modules\jest-circus\build\legacy-code-todo-rewrite\jestAdapterInit.
js:122:21)
    at jestAdapter (C:\Users\DELL\Desktop\university\Spring 2026\Software 
Engineering\SW project\Backend\node_modules\jest-circus\build\legacy-code-todo-
rewrite\jestAdapter.js:79:19)
    at runTestInternal (C:\Users\DELL\Desktop\university\Spring 2026\Software 
Engineering\SW 
project\Backend\node_modules\jest-runner\build\runTest.js:367:16)
    at runTest (C:\Users\DELL\Desktop\university\Spring 2026\Software 
Engineering\SW 
project\Backend\node_modules\jest-runner\build\runTest.js:444:34)
    at Object.worker (C:\Users\DELL\Desktop\university\Spring 2026\Software 
Engineering\SW 
project\Backend\node_modules\jest-runner\build\testWorker.js:106:12)
[31m[Nest] 2876  - [39m05/01/2026, 4:44:48 PM [31m  ERROR[39m 
[38;5;3m[GlobalHttpExceptionFilter] [39m[31mUnhandled exception on 
undefined /test/path: DB connection lost[39m
Error: DB connection lost
    at Object.<anonymous> (C:\Users\DELL\Desktop\university\Spring 
2026\Software Engineering\SW 
project\Backend\src\common\filters\global-http-exception.filter.spec.ts:275:20)
    at Promise.then.completed (C:\Users\DELL\Desktop\university\Spring 
2026\Software Engineering\SW 
project\Backend\node_modules\jest-circus\build\utils.js:298:28)
    at new Promise (<anonymous>)
    at callAsyncCircusFn (C:\Users\DELL\Desktop\university\Spring 
2026\Software Engineering\SW 
project\Backend\node_modules\jest-circus\build\utils.js:231:10)
    at _callCircusTest (C:\Users\DELL\Desktop\university\Spring 2026\Software 
Engineering\SW project\Backend\node_modules\jest-circus\build\run.js:316:40)
    at processTicksAndRejections (node:internal/process/task_queues:95:5)
    at _runTest (C:\Users\DELL\Desktop\university\Spring 2026\Software 
Engineering\SW project\Backend\node_modules\jest-circus\build\run.js:252:3)
    at _runTestsForDescribeBlock (C:\Users\DELL\Desktop\university\Spring 
2026\Software Engineering\SW 
project\Backend\node_modules\jest-circus\build\run.js:126:9)
    at _runTestsForDescribeBlock (C:\Users\DELL\Desktop\university\Spring 
2026\Software Engineering\SW 
project\Backend\node_modules\jest-circus\build\run.js:121:9)
    at _runTestsForDescribeBlock (C:\Users\DELL\Desktop\university\Spring 
2026\Software Engineering\SW 
project\Backend\node_modules\jest-circus\build\run.js:121:9)
    at run (C:\Users\DELL\Desktop\university\Spring 2026\Software 
Engineering\SW project\Backend\node_modules\jest-circus\build\run.js:71:3)
    at runAndTransformResultsToJestFormat 
(C:\Users\DELL\Desktop\university\Spring 2026\Software Engineering\SW project\B
ackend\node_modules\jest-circus\build\legacy-code-todo-rewrite\jestAdapterInit.
js:122:21)
    at jestAdapter (C:\Users\DELL\Desktop\university\Spring 2026\Software 
Engineering\SW project\Backend\node_modules\jest-circus\build\legacy-code-todo-
rewrite\jestAdapter.js:79:19)
    at runTestInternal (C:\Users\DELL\Desktop\university\Spring 2026\Software 
Engineering\SW 
project\Backend\node_modules\jest-runner\build\runTest.js:367:16)
    at runTest (C:\Users\DELL\Desktop\university\Spring 2026\Software 
Engineering\SW 
project\Backend\node_modules\jest-runner\build\runTest.js:444:34)
    at Object.worker (C:\Users\DELL\Desktop\university\Spring 2026\Software 
Engineering\SW 
project\Backend\node_modules\jest-runner\build\testWorker.js:106:12)
[31m[Nest] 2876  - [39m05/01/2026, 4:44:48 PM [31m  ERROR[39m 
[38;5;3m[GlobalHttpExceptionFilter] [39m[31mUnhandled exception on 
undefined /test/path: secret internal detail[39m
Error: secret internal detail
    at Object.<anonymous> (C:\Users\DELL\Desktop\university\Spring 
2026\Software Engineering\SW 
project\Backend\src\common\filters\global-http-exception.filter.spec.ts:284:20)
    at Promise.then.completed (C:\Users\DELL\Desktop\university\Spring 
2026\Software Engineering\SW 
project\Backend\node_modules\jest-circus\build\utils.js:298:28)
    at new Promise (<anonymous>)
    at callAsyncCircusFn (C:\Users\DELL\Desktop\university\Spring 
2026\Software Engineering\SW 
project\Backend\node_modules\jest-circus\build\utils.js:231:10)
    at _callCircusTest (C:\Users\DELL\Desktop\university\Spring 2026\Software 
Engineering\SW project\Backend\node_modules\jest-circus\build\run.js:316:40)
    at processTicksAndRejections (node:internal/process/task_queues:95:5)
    at _runTest (C:\Users\DELL\Desktop\university\Spring 2026\Software 
Engineering\SW project\Backend\node_modules\jest-circus\build\run.js:252:3)
    at _runTestsForDescribeBlock (C:\Users\DELL\Desktop\university\Spring 
2026\Software Engineering\SW 
project\Backend\node_modules\jest-circus\build\run.js:126:9)
    at _runTestsForDescribeBlock (C:\Users\DELL\Desktop\university\Spring 
2026\Software Engineering\SW 
project\Backend\node_modules\jest-circus\build\run.js:121:9)
    at _runTestsForDescribeBlock (C:\Users\DELL\Desktop\university\Spring 
2026\Software Engineering\SW 
project\Backend\node_modules\jest-circus\build\run.js:121:9)
    at run (C:\Users\DELL\Desktop\university\Spring 2026\Software 
Engineering\SW project\Backend\node_modules\jest-circus\build\run.js:71:3)
    at runAndTransformResultsToJestFormat 
(C:\Users\DELL\Desktop\university\Spring 2026\Software Engineering\SW project\B
ackend\node_modules\jest-circus\build\legacy-code-todo-rewrite\jestAdapterInit.
js:122:21)
    at jestAdapter (C:\Users\DELL\Desktop\university\Spring 2026\Software 
Engineering\SW project\Backend\node_modules\jest-circus\build\legacy-code-todo-
rewrite\jestAdapter.js:79:19)
    at runTestInternal (C:\Users\DELL\Desktop\university\Spring 2026\Software 
Engineering\SW 
project\Backend\node_modules\jest-runner\build\runTest.js:367:16)
    at runTest (C:\Users\DELL\Desktop\university\Spring 2026\Software 
Engineering\SW 
project\Backend\node_modules\jest-runner\build\runTest.js:444:34)
    at Object.worker (C:\Users\DELL\Desktop\university\Spring 2026\Software 
Engineering\SW 
project\Backend\node_modules\jest-runner\build\testWorker.js:106:12)
PASS src/common/filters/global-http-exception.filter.spec.ts
PASS src/feed/feed.service.spec.ts
PASS src/tracks/interactions.controller.spec.ts (10.446 s)
PASS src/social/social.controller.spec.ts (8.846 s)
PASS src/playlists/playlists.controller.spec.ts (35.599 s)
PASS src/discovery/discovery.service.spec.ts
PASS src/tracks/user-tracks.controller.spec.ts (12.234 s)
[95m[Nest] 19672  - [39m05/01/2026, 4:44:48 PM [95m  DEBUG[39m [38;5;3m[MockStripeBillingProvider] [39m[95m[MOCK] Created customer cus_mock_b08aab8950254eff for user user-1[39m
[95m[Nest] 19672  - [39m05/01/2026, 4:44:48 PM [95m  DEBUG[39m [38;5;3m[MockStripeBillingProvider] [39m[95m[MOCK] Created customer cus_mock_40b6516e78624c1c for user user-1[39m
[95m[Nest] 19672  - [39m05/01/2026, 4:44:48 PM [95m  DEBUG[39m [38;5;3m[MockStripeBillingProvider] [39m[95m[MOCK] Created customer cus_mock_e219bbcde25d4197 for user user-1[39m
[95m[Nest] 19672  - [39m05/01/2026, 4:44:48 PM [95m  DEBUG[39m [38;5;3m[MockStripeBillingProvider] [39m[95m[MOCK] Created customer cus_mock_9b4dd42619b64b92 for user user-2[39m
[95m[Nest] 19672  - [39m05/01/2026, 4:44:48 PM [95m  DEBUG[39m [38;5;3m[MockStripeBillingProvider] [39m[95m[MOCK] Checkout session cs_mock_f4d33eb068e74473 for plan PRO, trial=true[39m
[95m[Nest] 19672  - [39m05/01/2026, 4:44:48 PM [95m  DEBUG[39m [38;5;3m[MockStripeBillingProvider] [39m[95m[MOCK] Checkout session cs_mock_1288689458ce4909 for plan PRO, trial=false[39m
[95m[Nest] 19672  - [39m05/01/2026, 4:44:48 PM [95m  DEBUG[39m [38;5;3m[MockStripeBillingProvider] [39m[95m[MOCK] Checkout session cs_mock_9287cbf08da94fda for plan PRO, trial=true[39m
[95m[Nest] 19672  - [39m05/01/2026, 4:44:48 PM [95m  DEBUG[39m [38;5;3m[MockStripeBillingProvider] [39m[95m[MOCK] Checkout session cs_mock_d183dd1f52a0479c for plan PRO, trial=false[39m
[95m[Nest] 19672  - [39m05/01/2026, 4:44:48 PM [95m  DEBUG[39m [38;5;3m[MockStripeBillingProvider] [39m[95m[MOCK] Checkout session cs_mock_d13d10f235d94730 for plan GO_PLUS, trial=false[39m
[95m[Nest] 19672  - [39m05/01/2026, 4:44:48 PM [95m  DEBUG[39m [38;5;3m[MockStripeBillingProvider] [39m[95m[MOCK] Checkout session cs_mock_3953f44314614880 for plan PRO, trial=true[39m
[95m[Nest] 19672  - [39m05/01/2026, 4:44:48 PM [95m  DEBUG[39m [38;5;3m[MockStripeBillingProvider] [39m[95m[MOCK] Checkout session cs_mock_319e357ab8ce4d88 for plan PRO, trial=true[39m
[95m[Nest] 19672  - [39m05/01/2026, 4:44:48 PM [95m  DEBUG[39m [38;5;3m[MockStripeBillingProvider] [39m[95m[MOCK] Checkout session cs_mock_8feccb7b7ab645b1 for plan PRO, trial=false[39m
[95m[Nest] 19672  - [39m05/01/2026, 4:44:48 PM [95m  DEBUG[39m [38;5;3m[MockStripeBillingProvider] [39m[95m[MOCK] Checkout session cs_mock_548a3d70bba344e3 for plan PRO, trial=false[39m
[95m[Nest] 19672  - [39m05/01/2026, 4:44:48 PM [95m  DEBUG[39m [38;5;3m[MockStripeBillingProvider] [39m[95m[MOCK] Cancelled subscription sub-unknown cancelAtPeriodEnd=true[39m
[95m[Nest] 19672  - [39m05/01/2026, 4:44:48 PM [95m  DEBUG[39m [38;5;3m[MockStripeBillingProvider] [39m[95m[MOCK] Cancelled subscription sub-unknown cancelAtPeriodEnd=false[39m
[95m[Nest] 19672  - [39m05/01/2026, 4:44:48 PM [95m  DEBUG[39m [38;5;3m[MockStripeBillingProvider] [39m[95m[MOCK] Resumed subscription sub-unknown[39m
[95m[Nest] 19672  - [39m05/01/2026, 4:44:48 PM [95m  DEBUG[39m [38;5;3m[MockStripeBillingProvider] [39m[95m[MOCK] Changed plan for sub-1 -> GO_PLUS[39m
[95m[Nest] 19672  - [39m05/01/2026, 4:44:48 PM [95m  DEBUG[39m [38;5;3m[MockStripeBillingProvider] [39m[95m[MOCK] Changed plan for sub-unknown -> GO_PLUS[39m
PASS src/billing/mock-stripe.provider.spec.ts
PASS src/tracks/tracks.controller.spec.ts (36.023 s)
PASS src/common/utils/security.utils.spec.ts
PASS src/users/users.controller.spec.ts (36.106 s)
PASS src/player/player.controller.spec.ts (13.245 s)

Test Suites: 34 passed, 34 total
Tests:       903 passed, 903 total
Snapshots:   0 total
Time:        37.839 s
Ran all test suites.
